EN seu NULL C:/Users/carlos/Desktop/procesador/prosesador1/seu.vhd sub00/vhpl10 1461878931
EN cu NULL C:/Users/carlos/Desktop/procesador/prosesador1/cu.vhd sub00/vhpl08 1461878925
AR im behavioral C:/Users/carlos/Desktop/procesador/prosesador1/im.vhd sub00/vhpl05 1461878924
AR npc behavioral C:/Users/carlos/Desktop/procesador/prosesador1/npc.vhd sub00/vhpl01 1461878922
EN im NULL C:/Users/carlos/Desktop/procesador/prosesador1/im.vhd sub00/vhpl04 1461878923
AR seu behavioral C:/Users/carlos/Desktop/procesador/prosesador1/seu.vhd sub00/vhpl11 1461878932
AR mpx behavioral C:/Users/carlos/Desktop/procesador/prosesador1/mpx.vhd sub00/vhpl13 1461878930
EN rf NULL C:/Users/carlos/Desktop/procesador/prosesador1/rf.vhd sub00/vhpl06 1461878927
EN sum NULL C:/Users/carlos/Desktop/procesador/prosesador1/sum.vhd sub00/vhpl02 1461878919
AR prosesador arq_procesador C:/Users/carlos/Desktop/procesador/prosesador1/prosesador.vhd sub00/vhpl17 1461878936
EN mpx NULL C:/Users/carlos/Desktop/procesador/prosesador1/mpx.vhd sub00/vhpl12 1461878929
EN npc NULL C:/Users/carlos/Desktop/procesador/prosesador1/npc.vhd sub00/vhpl00 1461878921
AR alu behavioral C:/Users/carlos/Desktop/procesador/prosesador1/alu.vhd sub00/vhpl15 1461878934
EN prosesador NULL C:/Users/carlos/Desktop/procesador/prosesador1/prosesador.vhd sub00/vhpl16 1461878935
AR sum behavioral C:/Users/carlos/Desktop/procesador/prosesador1/sum.vhd sub00/vhpl03 1461878920
AR rf behavioral C:/Users/carlos/Desktop/procesador/prosesador1/rf.vhd sub00/vhpl07 1461878928
AR cu behavioral C:/Users/carlos/Desktop/procesador/prosesador1/cu.vhd sub00/vhpl09 1461878926
EN alu NULL C:/Users/carlos/Desktop/procesador/prosesador1/alu.vhd sub00/vhpl14 1461878933
