V3 35
FL C:/Users/carlos/Desktop/procesador/prosesador1/alu.vhd 2016/04/28.15:44:47 P.20131013
EN work/alu 1461878933 FL C:/Users/carlos/Desktop/procesador/prosesador1/alu.vhd \
      PB ieee/std_logic_1164 1381692176 PB ieee/STD_LOGIC_UNSIGNED 1381692179
AR work/alu/Behavioral 1461878934 \
      FL C:/Users/carlos/Desktop/procesador/prosesador1/alu.vhd EN work/alu 1461878933
FL C:/Users/carlos/Desktop/procesador/prosesador1/cu.vhd 2016/04/28.10:11:49 P.20131013
EN work/cu 1461878925 FL C:/Users/carlos/Desktop/procesador/prosesador1/cu.vhd \
      PB ieee/std_logic_1164 1381692176
AR work/cu/Behavioral 1461878926 \
      FL C:/Users/carlos/Desktop/procesador/prosesador1/cu.vhd EN work/cu 1461878925
FL C:/Users/carlos/Desktop/procesador/prosesador1/im.vhd 2016/04/28.16:27:58 P.20131013
EN work/im 1461878923 FL C:/Users/carlos/Desktop/procesador/prosesador1/im.vhd \
      PB ieee/std_logic_1164 1381692176 PB ieee/STD_LOGIC_UNSIGNED 1381692179 \
      PB std/TEXTIO 1381692176
AR work/im/Behavioral 1461878924 \
      FL C:/Users/carlos/Desktop/procesador/prosesador1/im.vhd EN work/im 1461878923
FL C:/Users/carlos/Desktop/procesador/prosesador1/mpx.vhd 2016/04/27.16:10:13 P.20131013
EN work/mpx 1461878929 FL C:/Users/carlos/Desktop/procesador/prosesador1/mpx.vhd \
      PB ieee/std_logic_1164 1381692176
AR work/mpx/Behavioral 1461878930 \
      FL C:/Users/carlos/Desktop/procesador/prosesador1/mpx.vhd EN work/mpx 1461878929
FL C:/Users/carlos/Desktop/procesador/prosesador1/npc.vhd 2016/04/25.19:15:49 P.20131013
EN work/npc 1461878921 FL C:/Users/carlos/Desktop/procesador/prosesador1/npc.vhd \
      PB ieee/std_logic_1164 1381692176
AR work/npc/Behavioral 1461878922 \
      FL C:/Users/carlos/Desktop/procesador/prosesador1/npc.vhd EN work/npc 1461878921
FL C:/Users/carlos/Desktop/procesador/prosesador1/prosesador.vhd 2016/04/28.13:31:41 P.20131013
EN work/prosesador 1461878935 \
      FL C:/Users/carlos/Desktop/procesador/prosesador1/prosesador.vhd \
      PB ieee/std_logic_1164 1381692176
AR work/prosesador/arq_procesador 1461878936 \
      FL C:/Users/carlos/Desktop/procesador/prosesador1/prosesador.vhd \
      EN work/prosesador 1461878935 CP sum CP npc CP im CP cu CP rf CP mpx CP seu CP alu
FL C:/Users/carlos/Desktop/procesador/prosesador1/rf.vhd 2016/04/26.19:17:12 P.20131013
EN work/rf 1461878927 FL C:/Users/carlos/Desktop/procesador/prosesador1/rf.vhd \
      PB ieee/std_logic_1164 1381692176 PB ieee/STD_LOGIC_UNSIGNED 1381692179
AR work/rf/Behavioral 1461878928 \
      FL C:/Users/carlos/Desktop/procesador/prosesador1/rf.vhd EN work/rf 1461878927
FL C:/Users/carlos/Desktop/procesador/prosesador1/seu.vhd 2016/04/27.15:50:48 P.20131013
EN work/seu 1461878931 FL C:/Users/carlos/Desktop/procesador/prosesador1/seu.vhd \
      PB ieee/std_logic_1164 1381692176
AR work/seu/Behavioral 1461878932 \
      FL C:/Users/carlos/Desktop/procesador/prosesador1/seu.vhd EN work/seu 1461878931
FL C:/Users/carlos/Desktop/procesador/prosesador1/sum.vhd 2016/04/25.19:20:08 P.20131013
EN work/sum 1461878919 FL C:/Users/carlos/Desktop/procesador/prosesador1/sum.vhd \
      PB ieee/std_logic_1164 1381692176 PB ieee/STD_LOGIC_UNSIGNED 1381692179
AR work/sum/Behavioral 1461878920 \
      FL C:/Users/carlos/Desktop/procesador/prosesador1/sum.vhd EN work/sum 1461878919
